Command for working with projects.
A Project represents all of your deployment environments.

Usage
  dw_run.sh project [command]

Available Commands
  init        Creates a new, empty project
  ls          Lists all projects in your account

Flags
  -h, --help   help for project
